[19:00:20] [ServerMain/INFO]: Environment: Environment[sessionHost=https://sessionserver.mojang.com, servicesHost=https://api.minecraftservices.com, profilesHost=https://api.mojang.com, name=PROD]
[19:00:21] [Worker-Main-4/INFO]: No existing world data, creating new world
[19:00:22] [ServerMain/INFO]: Loaded 1585 recipes
[19:00:22] [ServerMain/INFO]: Loaded 1688 advancements
[19:00:22] [Server thread/INFO]: Starting minecraft server version 26.2
[19:00:22] [Server thread/INFO]: Loading properties
[19:00:22] [Server thread/INFO]: Default game type: SURVIVAL
[19:00:22] [Server thread/INFO]: Generating keypair
[19:00:22] [Server thread/INFO]: Starting Minecraft server on *:25565
[19:00:22] [Server thread/INFO]: Preparing level "world"
[19:00:22] [Server thread/INFO]: Selecting global world spawn...
[19:00:25] [Server thread/INFO]: Loading 0 persistent chunks...
[19:00:25] [Server thread/INFO]: Preparing spawn area: 100%
[19:00:25] [Server thread/INFO]: Time elapsed: 2522 ms
[19:00:25] [Server thread/INFO]: Done (2.737s)! For help, type "help"
[19:00:25] [Server thread/INFO]: Saving chunks for level 'ServerLevel[world]'/minecraft:overworld
[19:00:25] [Server thread/INFO]: Saving chunks for level 'ServerLevel[world]'/minecraft:the_end
[19:00:25] [Server thread/INFO]: Saving chunks for level 'ServerLevel[world]'/minecraft:the_nether
[19:00:25] [Server thread/INFO]: ThreadedAnvilChunkStorage (world): All chunks are saved
[19:00:25] [Server thread/INFO]: ThreadedAnvilChunkStorage (DIM1): All chunks are saved
[19:00:25] [Server thread/INFO]: ThreadedAnvilChunkStorage (DIM-1): All chunks are saved
[19:00:25] [Server thread/INFO]: ThreadedAnvilChunkStorage: All dimensions are saved
[19:01:25] [Server thread/INFO]: Server empty for 60 seconds, pausing
[19:01:27] [User Authenticator #1/INFO]: UUID of player yeahgns is 438cb2a3-16a8-4768-a72b-83cde2d40c10
[19:01:31] [Server thread/INFO]: yeahgns[/127.0.0.1:60256] logged in with entity id 26 at (77.5, 73.0, -153.5)
[19:01:31] [Server thread/INFO]: yeahgns joined the game
[19:07:43] [Server thread/INFO]: yeahgns lost connection: Disconnected
[19:07:43] [Server thread/INFO]: yeahgns left the game
